// Jest Snapshot v1, https://goo.gl/fbAQLP

exports[`converts converts 1`] = `"{\\"one\\":283}"`;
